// Jest Snapshot v1, https://goo.gl/fbAQLP

exports[`cookie-control-config should match snapshot 1`] = `
Object {
  "accessibility": Object {
    "highlightFocus": false,
  },
  "apiKey": "843970763414bd3ac1229c12767f5e7fab9ef68c",
  "branding": Object {
    "backgroundColor": "#fff",
    "fontColor": "#0e0e0e",
    "fontFamily": "Lato,'Helvetica Neue',Helvetica,Arial,sans-serif",
    "fontSize": "1rem",
    "removeAbout": true,
    "removeIcon": true,
  },
  "encodeCookie": true,
  "initialState": "open",
  "necessaryCookies": Array [
    "AWSELB",
    "AWSELBCORS",
    "AWSALBTG",
    "AWSALBTGCORS",
    "__ngat_1.2",
    "__nrpa_2.2",
    "IdAM",
    "IdAM-*",
    ".AspNet.ClientCookie",
    "OpenIdConnect.nonce.*",
    "ASPXAUTH",
    "ASP.NET_SessionId",
    "__RequestVerificationToken",
    "downloadopen",
    "ud",
    "documentReferrer",
    "display-node-orders",
    "data-extraction-fixed-tables",
    "data-extraction-input-vertical",
    "browser-warning-shown",
    "compact",
    "dedupe-show-details",
    "relevant-highlight",
    "irrelevant-highlight",
    "dedupe-view",
    "text-highlighter-hide",
    "evercookie_cache",
    "evercookie_etag",
    "evercookie_png",
    ".ukps",
    ".ukpsLease",
  ],
  "onLoad": [Function],
  "optionalCookies": Array [
    Object {
      "cookies": Array [
        "TutorialVisible",
        "HoistSearches",
        "NICE_guidanceList_*",
        "mobile-mode",
        "history-stack",
        "history-stack-groupUid",
        "history-stack-details",
      ],
      "description": "These cookies remember information that changes the way our website behaves or looks, like your preferred layout or previously viewed pages.",
      "label": "Preference cookies",
      "name": "preferences",
      "onAccept": [Function],
      "onRevoke": [Function],
    },
    Object {
      "cookies": Array [
        "_ga",
        "_gat_UA-*",
        "_gid",
        "_hj*",
        "ajs_*",
        "_vwo*",
        "_vis*",
      ],
      "description": "We use tools such as Google Analytics, Hotjar, VWO and Loop11 to help us anonymously measure how you use our websites. This allows us to make improvements based on our users' needs.

These tools set cookies that store anonymised information about how you got to the site, and how you interact with the site.",
      "label": "Website usage cookies",
      "name": "analytics",
      "onAccept": [Function],
      "onRevoke": [Function],
    },
    Object {
      "cookies": Array [
        "_gcl_*",
        "li_fat_id",
      ],
      "description": "We use Google Ads and LinkedIn to show adverts on external sites to promote NICE services, events and content.

These services use cookies to help make advertising more effective. These cookies are used for things like showing relevant adverts based on website visits, preventing the same ad from continuously re-appearing, or by measuring how many times people click on these adverts.",
      "label": "Marketing and advertising cookies",
      "name": "marketing",
      "onAccept": [Function],
      "onRevoke": [Function],
      "thirdPartyCookies": Array [
        Object {
          "name": "Google Ads",
          "optOutLink": "https://adssettings.google.com/",
        },
        Object {
          "name": "LinkedIn",
          "optOutLink": "https://www.linkedin.com/help/linkedin/answer/62931/manage-advertising-preferences?lang=en",
        },
      ],
      "vendors": Array [
        Object {
          "description": "Google Ads serves adverts on Google products and services. It uses cookies to help to make advertising more effective.",
          "name": "Google Ads",
          "thirdPartyCookies": true,
          "url": "https://policies.google.com/technologies/ads",
        },
        Object {
          "description": "LinkedIn shows adverts when you browse LinkedIn products and services. It uses cookies to help to make advertising more effective.",
          "name": "LinkedIn",
          "thirdPartyCookies": true,
          "url": "https://www.linkedin.com/legal/cookie-policy",
        },
      ],
    },
  ],
  "position": "left",
  "product": "PRO_MULTISITE",
  "rejectButton": true,
  "statement": Object {
    "description": "For more information, view our",
    "name": "cookie statement.",
    "updated": "22/10/2020",
    "url": "https://www.nice.org.uk/cookies",
  },
  "text": Object {
    "acceptSettings": "Accept all cookies",
    "closeLabel": "Close cookie banner",
    "intro": "Cookies are files saved on your phone, tablet or computer when you visit a website.
We use cookies to store information about how you use the NICE website and services, such as the pages you visit.",
    "necessaryDescription": "These cookies enable basic functions like page navigation and access to secure areas of the website. Our website cannot function properly without these cookies and they can only be deactivated by changing your browser preferences.",
    "necessaryTitle": "Essential cookies",
    "notifyDescription": "We store cookies on your device to make our site work and to help us understand how the site is being used.",
    "notifyTitle": "Cookies on the NICE website and services",
    "rejectSettings": "Reject cookies",
    "settings": "Manage cookies",
    "title": "Cookies on the NICE website and services",
  },
  "theme": "light",
  "toggleType": "slider",
}
`;
